Build started 8/27/2026 5:32:57 PM.
Logging verbosity is set to: Normal.     1>Project "e:\dev.github\wp1\msword2\msword2.vcxproj" on node 3 (Build target(s)).
     1>PrepareForBuild:
         Structured output is enabled. The formatting of compiler diagnostics will reflect the error hierarchy. See https://aka.ms/cpp/structured-output for more details.
       InitializeBuildStatus:
         Touching "Debug\msword2.tlog\unsuccessfulbuild".
       VcpkgTripletSelection:
         Using triplet "x64-windows" from "C:\Users\ChristophePichaud\vcpkg\vcpkg\installed\x64-windows\"
         Using normalized configuration "Debug"
       ClCompile:
         All outputs are up-to-date.
         All outputs are up-to-date.
       ResourceCompile:
         C:\Program Files (x86)\Windows Kits\10\bin\10.0.26100.0\x64\rc.exe /D _DEBUG /D _UNICODE /D UNICODE /D _AFXDLL /l"0x0409" /IDebug\ /I"C:\Users\ChristophePichaud\vcpkg\vcpkg\installed\x64-windows\include" /nologo /fo"Debug\msword2.res" msword2.rc 
     1>msword2.rc(49): error RC2104: undefined keyword or key name: ID_EDIT_PASTE
         
     1>Done Building Project "e:\dev.github\wp1\msword2\msword2.vcxproj" (Build target(s)) -- FAILED.

Build FAILED.

       "e:\dev.github\wp1\msword2\msword2.vcxproj" (Build target) (1) ->
       (ResourceCompile target) -> 
         msword2.rc(49): error RC2104: undefined keyword or key name: ID_EDIT_PASTE

    0 Warning(s)
    1 Error(s)

Time Elapsed 00:00:00.14
